<html>
<body>
<pre>
<h1>µVision Build Log</h1>
<h2>Tool Versions:</h2>
IDE-Version: µVision V5.41.0.0
Copyright (C) 2024 ARM Ltd and ARM Germany GmbH. All rights reserved.
License Information: Daniel Abara
DA Global Concepts Ltd.
User-based license: Keil MDK Community (non-commercial free of charge)
Valid until: Jun 1 2033. Cached until: Aug 26 2025
 
Tool Versions:
Toolchain:       Keil MDK Community (non-commercial free of charge  Version: 5.41.0.0
Toolchain Path:  C:\Users\dabar\AppData\Local\Keil_v5\ARM\ARMCLANG\Bin
C Compiler:      ArmClang.exe V6.22
Assembler:       Armasm.exe V6.22
Linker/Locator:  ArmLink.exe V6.22
Library Manager: ArmAr.exe V6.22
Hex Converter:   FromElf.exe V6.22
CPU DLL:         SARMCM3.DLL V5.41.0.0
Dialog DLL:      DCM.DLL V1.17.5.0
Target DLL:      lmidk-agdi.dll V???
Dialog DLL:      TCM.DLL V1.56.4.0
 
<h2>Project:</h2>
C:\Users\dabar\Documents\modern-embedded-programming-course\resets\resets.uvprojx
Project File Date:  08/20/2025

<h2>Output:</h2>
*** Using Compiler 'V6.22', folder: 'C:\Users\dabar\AppData\Local\Keil_v5\ARM\ARMCLANG\Bin'
Build target 'Debug'
compiling main.c...
linking...
Program Size: Code=924 RO-data=636 RW-data=0 ZI-data=608  
".\Objects\resets.axf" - 0 Error(s), 0 Warning(s).

<h2>Software Packages used:</h2>

Package Vendor: ARM
                https://www.keil.com/pack/ARM.CMSIS.6.1.0.pack
                ARM::CMSIS@6.1.0
                CMSIS (Common Microcontroller Software Interface Standard)
   * Component: CORE Version: 6.1.0

Package Vendor: ARM
                https://www.keil.com/pack/ARM.CMSIS-DSP.1.16.2.pack
                ARM::CMSIS-DSP@1.16.2
                CMSIS Embedded Compute Library
   * Component: DSP Variant: Source Version: 1.16.2

Package Vendor: ARM
                https://www.keil.com/pack/ARM.CMSIS-NN.6.0.0.pack
                ARM::CMSIS-NN@6.0.0
                CMSIS NN software library of efficient neural network kernels
   * Component: NN Lib Version: 6.0.0

Package Vendor: Keil
                http://www.keil.com/pack/Keil.TM4C_DFP.1.1.0.pack
                Keil::TM4C_DFP@1.1.0
                Texas Instruments Tiva C Series Device Support and Examples
   * Component: Startup Version: 1.0.1

<h2>Collection of Component include folders:</h2>
  ./RTE/_Debug
  C:/Users/dabar/AppData/Local/Arm/Packs/ARM/CMSIS-DSP/1.16.2/Include
  C:/Users/dabar/AppData/Local/Arm/Packs/ARM/CMSIS-DSP/1.16.2/PrivateInclude
  C:/Users/dabar/AppData/Local/Arm/Packs/ARM/CMSIS-NN/6.0.0/Include
  C:/Users/dabar/AppData/Local/Arm/Packs/ARM/CMSIS/6.1.0/CMSIS/Core/Include
  C:/Users/dabar/AppData/Local/Arm/Packs/Keil/TM4C_DFP/1.1.0/Device/Include/TM4C123

<h2>Collection of Component Files used:</h2>

   * Component: ARM::CMSIS:CORE@6.1.0

   * Component: ARM::CMSIS:DSP&Source@1.16.2
      Include file:  Include/arm_const_structs_f16.h
      Source file:   Source/BasicMathFunctions/BasicMathFunctions.c
      Source file:   Source/BayesFunctions/BayesFunctions.c
      Include file:  Include/arm_math.h
      Include file:  Include/arm_common_tables.h
      Source file:   Source/QuaternionMathFunctions/QuaternionMathFunctions.c
      Source file:   Source/ComplexMathFunctions/ComplexMathFunctions.c
      Source file:   Source/ControllerFunctions/ControllerFunctions.c
      Include file:  Include/arm_const_structs.h
      Source file:   Source/CommonTables/CommonTables.c
      Source file:   Source/DistanceFunctions/DistanceFunctions.c
      Source file:   Source/FastMathFunctions/FastMathFunctions.c
      Include file:  Include/arm_common_tables_f16.h
      Include file:  Include/arm_math_f16.h
      Source file:   Source/SVMFunctions/SVMFunctions.c
      Source file:   Source/FilteringFunctions/FilteringFunctionsF16.c
      Source file:   Source/SupportFunctions/SupportFunctions.c
      Source file:   Source/BayesFunctions/BayesFunctionsF16.c
      Source file:   Source/MatrixFunctions/MatrixFunctionsF16.c
      Source file:   Source/StatisticsFunctions/StatisticsFunctions.c
      Source file:   Source/MatrixFunctions/MatrixFunctions.c
      Source file:   Source/SupportFunctions/SupportFunctionsF16.c
      Source file:   Source/FilteringFunctions/FilteringFunctions.c
      Source file:   Source/ComplexMathFunctions/ComplexMathFunctionsF16.c
      Source file:   Source/SVMFunctions/SVMFunctionsF16.c
      Source file:   Source/DistanceFunctions/DistanceFunctionsF16.c
      Source file:   Source/BasicMathFunctions/BasicMathFunctionsF16.c
      Source file:   Source/WindowFunctions/WindowFunctions.c
      Source file:   Source/InterpolationFunctions/InterpolationFunctionsF16.c
      Source file:   Source/CommonTables/CommonTablesF16.c
      Source file:   Source/FastMathFunctions/FastMathFunctionsF16.c
      Source file:   Source/TransformFunctions/TransformFunctionsF16.c
      Source file:   Source/InterpolationFunctions/InterpolationFunctions.c
      Source file:   Source/StatisticsFunctions/StatisticsFunctionsF16.c
      Source file:   Source/TransformFunctions/TransformFunctions.c

   * Component: ARM::CMSIS:NN Lib@6.0.0
      Include file:  Include/arm_nn_types.h
      Include file:  Include/arm_nnfunctions.h
      Include file:  Include/arm_nnsupportfunctions.h
      Include file:  Include/arm_nn_tables.h
      Source file:   Source/ConvolutionFunctions/arm_convolve_1_x_n_s4.c
      Source file:   Source/ConvolutionFunctions/arm_convolve_1_x_n_s8.c
      Source file:   Source/ConvolutionFunctions/arm_nn_mat_mult_kernel_s4_s16.c
      Source file:   Source/ConvolutionFunctions/arm_depthwise_conv_wrapper_s8.c
      Source file:   Source/ConvolutionFunctions/arm_nn_mat_mult_kernel_s8_s16.c
      Include file:  Include/arm_nn_math_types.h
      Source file:   Source/ConvolutionFunctions/arm_nn_mat_mult_kernel_s16.c
      Source file:   Source/NNSupportFunctions/arm_nn_vec_mat_mult_t_s8.c
      Source file:   Source/NNSupportFunctions/arm_nn_mat_mult_nt_t_s8_s32.c
      Source file:   Source/ActivationFunctions/arm_nn_activation_s16.c
      Source file:   Source/BasicMathFunctions/arm_elementwise_add_s8.c
      Source file:   Source/BasicMathFunctions/arm_elementwise_mul_s16_s8.c
      Source file:   Source/NNSupportFunctions/arm_nn_mat_mult_nt_t_s16.c
      Source file:   Source/PoolingFunctions/arm_avgpool_get_buffer_sizes_s8.c
      Source file:   Source/PoolingFunctions/arm_avgpool_s16.c
      Source file:   Source/ActivationFunctions/arm_relu_q15.c
      Source file:   Source/ReshapeFunctions/arm_reshape_s8.c
      Source file:   Source/NNSupportFunctions/arm_nn_depthwise_conv_nt_t_padded_s8.c
      Source file:   Source/BasicMathFunctions/arm_elementwise_mul_s16_batch_offset.c
      Source file:   Source/NNSupportFunctions/arm_q7_to_q15_with_offset.c
      Source file:   Source/NNSupportFunctions/arm_nn_vec_mat_mult_t_svdf_s8.c
      Source file:   Source/NNSupportFunctions/arm_nn_mat_mul_core_4x_s8.c
      Source file:   Source/BasicMathFunctions/arm_elementwise_mul_s16.c
      Source file:   Source/NNSupportFunctions/arm_nntables.c
      Source file:   Source/NNSupportFunctions/arm_nn_depthwise_conv_nt_t_s8.c
      Source file:   Source/NNSupportFunctions/arm_nn_mat_mul_core_1x_s4.c
      Source file:   Source/NNSupportFunctions/arm_nn_depthwise_conv_nt_t_s4.c
      Source file:   Source/BasicMathFunctions/arm_elementwise_mul_s8.c
      Source file:   Source/NNSupportFunctions/arm_nn_vec_mat_mult_t_s4.c
      Source file:   Source/BasicMathFunctions/arm_elementwise_mul_acc_s16.c
      Source file:   Source/NNSupportFunctions/arm_s8_to_s16_unordered_with_offset.c
      Source file:   Source/NNSupportFunctions/arm_nn_mat_mul_core_1x_s8.c
      Source file:   Source/NNSupportFunctions/arm_nn_depthwise_conv_nt_t_s16.c
      Source file:   Source/BasicMathFunctions/arm_elementwise_add_s16.c
      Source file:   Source/NNSupportFunctions/arm_nn_mat_mult_nt_t_s4.c
      Source file:   Source/NNSupportFunctions/arm_nn_mat_mult_nt_t_s8.c
      Source file:   Source/NNSupportFunctions/arm_nn_vec_mat_mult_t_s16.c
      Source file:   Source/ActivationFunctions/arm_relu6_s8.c
      Source file:   Source/ActivationFunctions/arm_relu_q7.c
      Source file:   Source/SoftmaxFunctions/arm_softmax_s8_s16.c
      Source file:   Source/NNSupportFunctions/arm_nn_vec_mat_mul_result_acc_s16.c
      Source file:   Source/LSTMFunctions/arm_lstm_unidirectional_s8.c
      Source file:   Source/ConvolutionFunctions/arm_nn_mat_mult_kernel_row_offset_s8_s16.c
      Source file:   Source/SoftmaxFunctions/arm_softmax_s16.c
      Source file:   Source/FullyConnectedFunctions/arm_fully_connected_s8.c
      Source file:   Source/LSTMFunctions/arm_lstm_unidirectional_s16.c
      Source file:   Source/NNSupportFunctions/arm_nn_lstm_calculate_gate_s16.c
      Source file:   Source/FullyConnectedFunctions/arm_fully_connected_s16.c
      Source file:   Source/FullyConnectedFunctions/arm_vector_sum_s8.c
      Source file:   Source/SoftmaxFunctions/arm_softmax_u8.c
      Source file:   Source/NNSupportFunctions/arm_nn_lstm_step_s8.c
      Source file:   Source/NNSupportFunctions/arm_nn_lstm_calculate_gate_s8_s16.c
      Source file:   Source/FullyConnectedFunctions/arm_fully_connected_get_buffer_sizes_s8.c
      Source file:   Source/FullyConnectedFunctions/arm_vector_sum_s8_s64.c
      Source file:   Source/SoftmaxFunctions/arm_softmax_s8.c
      Source file:   Source/FullyConnectedFunctions/arm_fully_connected_get_buffer_sizes_s16.c
      Source file:   Source/NNSupportFunctions/arm_nn_vec_mat_mul_result_acc_s8_s16.c
      Source file:   Source/FullyConnectedFunctions/arm_fully_connected_s4.c
      Source file:   Source/SoftmaxFunctions/arm_nn_softmax_common_s8.c
      Source file:   Source/NNSupportFunctions/arm_nn_lstm_step_s16.c
      Source file:   Source/ConvolutionFunctions/arm_transpose_conv_s8.c
      Source file:   Source/ConvolutionFunctions/arm_convolve_1x1_s8_fast.c
      Source file:   Source/ConvolutionFunctions/arm_depthwise_conv_s8.c
      Source file:   Source/ConvolutionFunctions/arm_nn_mat_mult_s8.c
      Source file:   Source/ConvolutionFunctions/arm_convolve_get_buffer_sizes_s16.c
      Source file:   Source/ConvolutionFunctions/arm_convolve_get_buffer_sizes_s8.c
      Source file:   Source/ConvolutionFunctions/arm_depthwise_conv_get_buffer_sizes_s8.c
      Source file:   Source/ConvolutionFunctions/arm_depthwise_conv_3x3_s8.c
      Source file:   Source/ConvolutionFunctions/arm_transpose_conv_get_buffer_sizes_s8.c
      Source file:   Source/ConvolutionFunctions/arm_depthwise_conv_wrapper_s4.c
      Source file:   Source/ConcatenationFunctions/arm_concatenation_s8_x.c
      Source file:   Source/ConcatenationFunctions/arm_concatenation_s8_w.c
      Source file:   Source/ConcatenationFunctions/arm_concatenation_s8_y.c
      Source file:   Source/ConvolutionFunctions/arm_convolve_1x1_s8.c
      Source file:   Source/ConvolutionFunctions/arm_depthwise_conv_s4_opt.c
      Source file:   Source/ConvolutionFunctions/arm_convolve_s4.c
      Source file:   Source/ConvolutionFunctions/arm_convolve_wrapper_s8.c
      Source file:   Source/ConvolutionFunctions/arm_convolve_wrapper_s16.c
      Source file:   Source/ConvolutionFunctions/arm_convolve_1x1_s4_fast.c
      Source file:   Source/ConvolutionFunctions/arm_depthwise_conv_s16.c
      Source file:   Source/ConvolutionFunctions/arm_depthwise_conv_wrapper_s16.c
      Source file:   Source/ConvolutionFunctions/arm_convolve_s16.c
      Source file:   Source/ConvolutionFunctions/arm_depthwise_conv_get_buffer_sizes_s4.c
      Source file:   Source/ConvolutionFunctions/arm_convolve_1x1_s4.c
      Source file:   Source/ConvolutionFunctions/arm_depthwise_conv_s4.c
      Source file:   Source/ConvolutionFunctions/arm_convolve_s8.c
      Source file:   Source/ConvolutionFunctions/arm_depthwise_conv_s8_opt.c
      Source file:   Source/ConvolutionFunctions/arm_depthwise_conv_get_buffer_sizes_s16.c
      Source file:   Source/ConvolutionFunctions/arm_convolve_get_buffer_sizes_s4.c
      Source file:   Source/ConvolutionFunctions/arm_depthwise_conv_fast_s16.c
      Source file:   Source/ConvolutionFunctions/arm_convolve_wrapper_s4.c
      Source file:   Source/ConvolutionFunctions/arm_nn_depthwise_conv_s8_core.c
      Source file:   Source/SVDFunctions/arm_svdf_state_s16_s8.c
      Source file:   Source/ConcatenationFunctions/arm_concatenation_s8_z.c
      Source file:   Source/PoolingFunctions/arm_max_pool_s8.c
      Source file:   Source/PoolingFunctions/arm_avgpool_s8.c
      Source file:   Source/SVDFunctions/arm_svdf_get_buffer_sizes_s8.c
      Source file:   Source/SVDFunctions/arm_svdf_s8.c
      Source file:   Source/PoolingFunctions/arm_max_pool_s16.c
      Source file:   Source/PoolingFunctions/arm_avgpool_get_buffer_sizes_s16.c

   * Component: Keil::Device:Startup@1.0.1
      Source file:   Device/Source/ARM/startup_TM4C123.s
      Include file:  Device/Include/TM4C123/TM4C123.h
      Source file:   Device/Source/system_TM4C123.c
Build Time Elapsed:  00:00:01
</pre>
</body>
</html>
